<h3>Dir1's html</h3><h2>Dir2's html</h2><h1>Dir3's html</h1>